---
http_interactions:
- request:
    method: get
    uri: https://cdo-v3-files.s3.amazonaws.com/?encoding-type=url&prefix=files_test/1/1/&versions
    body:
      encoding: UTF-8
      string: ''
    headers:
      Content-Length:
      - '0'
  response:
    status:
      code: 200
      message: OK
    headers:
      Date:
      - Fri, 17 Aug 2018 00:01:17 GMT
      Content-Type:
      - application/xml
      Transfer-Encoding:
      - chunked
      Server:
      - AmazonS3
    body:
      encoding: UTF-8
      string: |-
        <?xml version="1.0" encoding="UTF-8"?>
        <ListVersionsResult xmlns="http://s3.amazonaws.com/doc/2006-03-01/"><Name>cdo-v3-files</Name><Prefix>files_test/1/1/</Prefix><KeyMarker></KeyMarker><VersionIdMarker></VersionIdMarker><MaxKeys>1000</MaxKeys><EncodingType>url</EncodingType><IsTruncated>false</IsTruncated></ListVersionsResult>
    http_version: 
  recorded_at: Fri, 17 Aug 2018 00:01:16 GMT
- request:
    method: get
    uri: https://cdo-v3-files.s3.amazonaws.com/?encoding-type=url&prefix=files_test/1/1/
    body:
      encoding: UTF-8
      string: ''
    headers:
      Content-Length:
      - '0'
  response:
    status:
      code: 200
      message: OK
    headers:
      Date:
      - Fri, 17 Aug 2018 00:01:18 GMT
      X-Amz-Bucket-Region:
      - us-east-1
      Content-Type:
      - application/xml
      Transfer-Encoding:
      - chunked
      Server:
      - AmazonS3
    body:
      encoding: UTF-8
      string: |-
        <?xml version="1.0" encoding="UTF-8"?>
        <ListBucketResult xmlns="http://s3.amazonaws.com/doc/2006-03-01/"><Name>cdo-v3-files</Name><Prefix>files_test/1/1/</Prefix><Marker></Marker><MaxKeys>1000</MaxKeys><EncodingType>url</EncodingType><IsTruncated>false</IsTruncated></ListBucketResult>
    http_version: 
  recorded_at: Fri, 17 Aug 2018 00:01:17 GMT
- request:
    method: get
    uri: https://cdo-v3-files.s3.amazonaws.com/?encoding-type=url&prefix=files_test/1/1/cat.png&versions
    body:
      encoding: UTF-8
      string: ''
    headers:
      Content-Length:
      - '0'
  response:
    status:
      code: 200
      message: OK
    headers:
      Date:
      - Fri, 17 Aug 2018 00:01:18 GMT
      Content-Type:
      - application/xml
      Transfer-Encoding:
      - chunked
      Server:
      - AmazonS3
    body:
      encoding: UTF-8
      string: |-
        <?xml version="1.0" encoding="UTF-8"?>
        <ListVersionsResult xmlns="http://s3.amazonaws.com/doc/2006-03-01/"><Name>cdo-v3-files</Name><Prefix>files_test/1/1/cat.png</Prefix><KeyMarker></KeyMarker><VersionIdMarker></VersionIdMarker><MaxKeys>1000</MaxKeys><EncodingType>url</EncodingType><IsTruncated>false</IsTruncated></ListVersionsResult>
    http_version: 
  recorded_at: Fri, 17 Aug 2018 00:01:17 GMT
- request:
    method: get
    uri: https://cdo-v3-files.s3.amazonaws.com/?encoding-type=url&prefix=files_test/1/1/dog.png&versions
    body:
      encoding: UTF-8
      string: ''
    headers:
      Content-Length:
      - '0'
  response:
    status:
      code: 200
      message: OK
    headers:
      Date:
      - Fri, 17 Aug 2018 00:01:18 GMT
      Content-Type:
      - application/xml
      Transfer-Encoding:
      - chunked
      Server:
      - AmazonS3
    body:
      encoding: UTF-8
      string: |-
        <?xml version="1.0" encoding="UTF-8"?>
        <ListVersionsResult xmlns="http://s3.amazonaws.com/doc/2006-03-01/"><Name>cdo-v3-files</Name><Prefix>files_test/1/1/dog.png</Prefix><KeyMarker></KeyMarker><VersionIdMarker></VersionIdMarker><MaxKeys>1000</MaxKeys><EncodingType>url</EncodingType><IsTruncated>false</IsTruncated></ListVersionsResult>
    http_version: 
  recorded_at: Fri, 17 Aug 2018 00:01:17 GMT
- request:
    method: get
    uri: https://cdo-v3-files.s3.amazonaws.com/?encoding-type=url&prefix=files_test/1/1/
    body:
      encoding: UTF-8
      string: ''
    headers:
      Content-Length:
      - '0'
  response:
    status:
      code: 200
      message: OK
    headers:
      Date:
      - Fri, 17 Aug 2018 00:01:19 GMT
      X-Amz-Bucket-Region:
      - us-east-1
      Content-Type:
      - application/xml
      Transfer-Encoding:
      - chunked
      Server:
      - AmazonS3
    body:
      encoding: UTF-8
      string: |-
        <?xml version="1.0" encoding="UTF-8"?>
        <ListBucketResult xmlns="http://s3.amazonaws.com/doc/2006-03-01/"><Name>cdo-v3-files</Name><Prefix>files_test/1/1/</Prefix><Marker></Marker><MaxKeys>1000</MaxKeys><EncodingType>url</EncodingType><IsTruncated>false</IsTruncated></ListBucketResult>
    http_version: 
  recorded_at: Fri, 17 Aug 2018 00:01:18 GMT
- request:
    method: get
    uri: https://cdo-v3-files.s3.amazonaws.com/?encoding-type=url&prefix=files_test/1/1/cat.png&versions
    body:
      encoding: UTF-8
      string: ''
    headers:
      Content-Length:
      - '0'
  response:
    status:
      code: 200
      message: OK
    headers:
      Date:
      - Fri, 17 Aug 2018 00:01:19 GMT
      Content-Type:
      - application/xml
      Transfer-Encoding:
      - chunked
      Server:
      - AmazonS3
    body:
      encoding: UTF-8
      string: |-
        <?xml version="1.0" encoding="UTF-8"?>
        <ListVersionsResult xmlns="http://s3.amazonaws.com/doc/2006-03-01/"><Name>cdo-v3-files</Name><Prefix>files_test/1/1/cat.png</Prefix><KeyMarker></KeyMarker><VersionIdMarker></VersionIdMarker><MaxKeys>1000</MaxKeys><EncodingType>url</EncodingType><IsTruncated>false</IsTruncated></ListVersionsResult>
    http_version: 
  recorded_at: Fri, 17 Aug 2018 00:01:18 GMT
- request:
    method: get
    uri: https://cdo-v3-files.s3.amazonaws.com/?encoding-type=url&prefix=files_test/1/1/dog.png&versions
    body:
      encoding: UTF-8
      string: ''
    headers:
      Content-Length:
      - '0'
  response:
    status:
      code: 200
      message: OK
    headers:
      Date:
      - Fri, 17 Aug 2018 00:01:19 GMT
      Content-Type:
      - application/xml
      Transfer-Encoding:
      - chunked
      Server:
      - AmazonS3
    body:
      encoding: UTF-8
      string: |-
        <?xml version="1.0" encoding="UTF-8"?>
        <ListVersionsResult xmlns="http://s3.amazonaws.com/doc/2006-03-01/"><Name>cdo-v3-files</Name><Prefix>files_test/1/1/dog.png</Prefix><KeyMarker></KeyMarker><VersionIdMarker></VersionIdMarker><MaxKeys>1000</MaxKeys><EncodingType>url</EncodingType><IsTruncated>false</IsTruncated></ListVersionsResult>
    http_version: 
  recorded_at: Fri, 17 Aug 2018 00:01:18 GMT
recorded_with: VCR 3.0.3
